
================================================================================
TEST EXECUTION SUMMARY
================================================================================

📈 OVERALL STATISTICS:
   Total Tests Run:     221
   ✅ Passed:           201 (91.0%)
   ❌ Failed:           1
   💥 Errors:           0
   ⏭️  Skipped:          19
   ⏱️  Execution Time:   6.44s

📦 RESULTS BY MODULE:

  ✅ test_api_integration
     Total: 18 | ✅ 0 | ❌ 0 | 💥 0 | ⏭️  18 | ⏱️  0.00s

  ✅ test_config_loader
     Total: 9 | ✅ 9 | ❌ 0 | 💥 0 | ⏭️  0 | ⏱️  0.02s

  ✅ test_data_manager
     Total: 18 | ✅ 18 | ❌ 0 | 💥 0 | ⏭️  0 | ⏱️  0.85s

  ✅ test_deployment_validation
     Total: 24 | ✅ 23 | ❌ 0 | 💥 0 | ⏭️  1 | ⏱️  0.44s

  ✅ test_monte_carlo
     Total: 35 | ✅ 35 | ❌ 0 | 💥 0 | ⏭️  0 | ⏱️  0.06s

  ✅ test_performance_analyzer
     Total: 17 | ✅ 17 | ❌ 0 | 💥 0 | ⏭️  0 | ⏱️  0.01s

  ❌ test_performance_regression
     Total: 9 | ✅ 8 | ❌ 1 | 💥 0 | ⏭️  0 | ⏱️  3.70s

  ✅ test_risk_manager
     Total: 28 | ✅ 28 | ❌ 0 | 💥 0 | ⏭️  0 | ⏱️  0.00s

  ✅ test_strategy_ensemble
     Total: 10 | ✅ 10 | ❌ 0 | 💥 0 | ⏭️  0 | ⏱️  0.01s

  ✅ test_ui_ux
     Total: 32 | ✅ 32 | ❌ 0 | 💥 0 | ⏭️  0 | ⏱️  1.33s

  ✅ test_walk_forward_optimizer
     Total: 21 | ✅ 21 | ❌ 0 | 💥 0 | ⏭️  0 | ⏱️  0.01s


================================================================================
DETAILED FAILURES AND ERRORS
================================================================================

❌ FAILURES:

  Test: test_parallel_vs_serial_grid_search (test_performance_regression.TestPerformanceComparison.test_parallel_vs_serial_grid_search)
  ----------------------------------------------------------------------------
  Traceback (most recent call last):
  File "/home/user/StrategyBuilder/tests/test_performance_regression.py", line 332, in test_parallel_vs_serial_grid_search
    self.assertEqual(len(results), combinations)
AssertionError: 4 != 6



================================================================================
SKIPPED TESTS
================================================================================

  ⏭️  test_api_documentation_accessible (test_api_integration.TestAPIIntegration.test_api_documentation_accessible)
     Reason: FastAPI not installed

  ⏭️  test_backtest_endpoint_invalid_date_format (test_api_integration.TestAPIIntegration.test_backtest_endpoint_invalid_date_format)
     Reason: FastAPI not installed

  ⏭️  test_backtest_endpoint_invalid_parameters (test_api_integration.TestAPIIntegration.test_backtest_endpoint_invalid_parameters)
     Reason: FastAPI not installed

  ⏭️  test_backtest_endpoint_invalid_strategy (test_api_integration.TestAPIIntegration.test_backtest_endpoint_invalid_strategy)
     Reason: FastAPI not installed

  ⏭️  test_backtest_endpoint_missing_required_fields (test_api_integration.TestAPIIntegration.test_backtest_endpoint_missing_required_fields)
     Reason: FastAPI not installed

  ⏭️  test_backtest_endpoint_with_default_parameters (test_api_integration.TestAPIIntegration.test_backtest_endpoint_with_default_parameters)
     Reason: FastAPI not installed

  ⏭️  test_backtest_endpoint_with_sma_strategy (test_api_integration.TestAPIIntegration.test_backtest_endpoint_with_sma_strategy)
     Reason: FastAPI not installed

  ⏭️  test_backtest_endpoint_with_valid_request (test_api_integration.TestAPIIntegration.test_backtest_endpoint_with_valid_request)
     Reason: FastAPI not installed

  ⏭️  test_backtest_response_includes_execution_time (test_api_integration.TestAPIIntegration.test_backtest_response_includes_execution_time)
     Reason: FastAPI not installed

  ⏭️  test_backtest_results_contain_trades (test_api_integration.TestAPIIntegration.test_backtest_results_contain_trades)
     Reason: FastAPI not installed

  ⏭️  test_config_endpoint (test_api_integration.TestAPIIntegration.test_config_endpoint)
     Reason: FastAPI not installed

  ⏭️  test_health_check_endpoint (test_api_integration.TestAPIIntegration.test_health_check_endpoint)
     Reason: FastAPI not installed

  ⏭️  test_multiple_concurrent_backtest_requests (test_api_integration.TestAPIIntegration.test_multiple_concurrent_backtest_requests)
     Reason: FastAPI not installed

  ⏭️  test_root_endpoint (test_api_integration.TestAPIIntegration.test_root_endpoint)
     Reason: FastAPI not installed

  ⏭️  test_strategies_endpoint (test_api_integration.TestAPIIntegration.test_strategies_endpoint)
     Reason: FastAPI not installed

  ⏭️  test_strategies_endpoint_includes_bollinger_bands (test_api_integration.TestAPIIntegration.test_strategies_endpoint_includes_bollinger_bands)
     Reason: FastAPI not installed

  ⏭️  test_backtest_validates_date_order (test_api_integration.TestAPIValidation.test_backtest_validates_date_order)
     Reason: FastAPI not installed

  ⏭️  test_backtest_validates_ticker_format (test_api_integration.TestAPIValidation.test_backtest_validates_ticker_format)
     Reason: FastAPI not installed

  ⏭️  test_pdf_report_generation (test_deployment_validation.TestReportGeneration.test_pdf_report_generation)
     Reason: reportlab not installed: reportlab is required for PDF generation. Install with: pip install reportlab


================================================================================
FINAL VERDICT
================================================================================

  ⚠️  TESTS FAILED
  ❌ 1 test(s) need attention

  🔧 PLEASE FIX FAILING TESTS BEFORE RELEASE

================================================================================
